// Jest Snapshot v1, https://goo.gl/fbAQLP

exports[`TweetBox  renders as expected  1`] = `
<div
  className="MuiPaper-root MuiCard-root sc-bdnxRM iEuSkT MuiPaper-elevation1 MuiPaper-rounded"
>
  <div
    className="MuiCardContent-root"
  >
    <p
      className="MuiTypography-root MuiTypography-body1 MuiTypography-alignCenter MuiTypography-displayBlock"
    >
      foo
    </p>
  </div>
</div>
`;
